git version
exit
git version
exit
start
push
exit
git init
pwd
ll
clear
pwd
cd C:\Users\napoojit\Desktop\training\GIT
pwd
cd c:
cd users
cd napoojit/
cd Desktop\training\git
cd Desktop\training\GIT
cd Desktop
cd training
cd GIT
GIT init
mkdir assignments
cd assignments
git init
touch abcd.txt
vi abcd.txt
vi abcd.txt
cat abcd.txt
git status
git add .
git status
git commit -m "i am poojitha"
git status
git branch -M main
git remote add origin https://github.com/napoojit/git_assignment.git
git push -u origin main
git status
git init
git add .
git commit -m "YOUR COMMIT NAME"
git branch -M main
git remote add origin https://github.com/napoojit/git_assignment.git
git push -u origin main
[200~
napoojit@inlen8520088057 MINGW64 ~ (master)
$ pwd
/c/Users/napoojit
napoojit@inlen8520088057 MINGW64 ~ (master)
$ cd C:\Users\napoojit\Desktop\training\GIT
bash: cd: C:UsersnapoojitDesktoptrainingGIT: No such file or directory
napoojit@inlen8520088057 MINGW64 ~ (master)
$ pwd
/c/Users/napoojit
napoojit@inlen8520088057 MINGW64 ~ (master)
$ cd c:
napoojit@inlen8520088057 MINGW64 /c
$ cd users
napoojit@inlen8520088057 MINGW64 /c/users
$ cd napoojit/
napoojit@inlen8520088057 MINGW64 /c/users/napoojit (master)
$ cd Desktop\training\git
bash: cd: Desktoptraininggit: No such file or directory
napoojit@inlen8520088057 MINGW64 /c/users/napoojit (master)
$ cd Desktop\training\GIT
bash: cd: DesktoptrainingGIT: No such file or directory
napoojit@inlen8520088057 MINGW64 /c/users/napoojit (master)
$ cd Desktop
napoojit@inlen8520088057 MINGW64 /c/users/napoojit/Desktop (master)
$ cd training
napoojit@inlen8520088057 MINGW64 /c/users/napoojit/Desktop/training (master)
$ cd GIT
napoojit@inlen8520088057 MINGW64 /c/users/napoojit/Desktop/training/GIT (master)
$ GIT init
Initialized empty Git repository in C:/Users/napoojit/Desktop/training/GIT/.git/
napoojit@inlen8520088057 MINGW64 /c/users/napoojit/Desktop/training/GIT (master)
$ mkdir assignments
napoojit@inlen8520088057 MINGW64 /c/users/napoojit/Desktop/training/GIT (master)
$ cd assignments
napoojit@inlen8520088057 MINGW64 /c/users/napoojit/Desktop/training/GIT/assignments (master)
$ git init
Initialized empty Git repository in C:/Users/napoojit/Desktop/training/GIT/assignments/.git/
napoojit@inlen8520088057 MINGW64 /c/users/napoojit/Desktop/training/GIT/assignments (master)
$ touch abcd.txt
napoojit@inlen8520088057 MINGW64 /c/users/napoojit/Desktop/training/GIT/assignments (master)
$ vi abcd.txt
napoojit@inlen8520088057 MINGW64 /c/users/napoojit/Desktop/training/GIT/assignments (master)
$ vi abcd.txt
napoojit@inlen8520088057 MINGW64 /c/users/napoojit/Desktop/training/GIT/assignments (master)
$ cat abcd.txt
hi
napoojit@inlen8520088057 MINGW64 /c/users/napoojit/Desktop/training/GIT/assignments (master)
$ git status
On branch master
No commits yet
Untracked files:
  (use "git add <file>..." to include in what will be committed)
        abcd.txt
nothing added to commit but untracked files present (use "git add" to track)
napoojit@inlen8520088057 MINGW64 /c/users/napoojit/Desktop/training/GIT/assignments (master)
$ git add .
napoojit@inlen8520088057 MINGW64 /c/users/napoojit/Desktop/training/GIT/assignments (master)
$ git status
On branch master
No commits yet
Changes to be committed:
  (use "git rm --cached <file>..." to unstage)
        new file:   abcd.txt
napoojit@inlen8520088057 MINGW64 /c/users/napoojit/Desktop/training/GIT/assignments (master)
$ git commit -m "i am poojitha"
[master (root-commit) b0f0a0c] i am poojitha
 Committer: poojitha <nallam.poojitha@capgemini.com>
Your name and email address were configured automatically based
on your username and hostname. Please check that they are accurate.
You can suppress this message by setting them explicitly. Run the
following command and follow the instructions in your editor to edit
your configuration file:
    git config --global --edit
git init
git add .
git commit -m "YOUR COMMIT NAME"
git branch -M main
git remote add origin https://github.com/napoojit/git_assignment.git
git push -u origin main
project_dir
cd project_dir
git init
index.html
touch index.html
clear
project_dir
cd project_dir
git init
touch index.html
git status
git add index.html
git commit -m "hello world"
clear
project_dir
cd project_dir
git init
touch index.html
git status
stage index.html
git add index.html
git commit -m "helloooo"
clear
project_dir
cd project_dir
git init
touch indext.html
touch index.html
git add index.html
git commit -m "hello"
git status
git status
git commit -m "hello"
git remote add origin C:\Users\napoojit\Desktop\training\GIT\assignments
git push
clear
exit
mkdir
mkdir project_dir
cd project_dir
mkdir project_dir
cd project_dir
git init
touch index.html
git status
git add index.html
git commit -m "hello"
git status
touch info.txt
git status
git status
pwd
cd Desktop\Training\GIT\Assignments
cd GIT
clear
pwd
cd Desktop
cd Training
cd Assignments
cd GIT
GIT init
cd Assignments
GIT init
touch hiii
git status
git add hii
git commit -m "hello world"
git status
touch rock
git status
touch .gitignore
mkdir Assignments
cd Assignments
git init
touch poojitha
git status
git add poojitha
git commit -m "i am a human being"
git status
mkdir c
cd c\Desktop\Training\GIT\Assignments
git init
touch poojitha
git add poojitha
git commit "i am a human being"
git commit -m "i am a human being"
git status
clear
pwd
cd c
cd Desktop
clear
pwd
cd Desktop
pwd
clear
pwd
cd c:
cd Destop
cd Desktop
cd Traing
pwd
cd c:
cd Desktop
cd users
cd napoojit
cd Desktop
cd Training
cd git
cd assignment
cd Assignment
cd Assignments
git init
touch poojitha
touch poojitha.txt
git add add poojitha.txt
git add poojitha.txt
git commit -m "i am a human being"
git status
git commit -m "i am a humanbeing.txt"
git status
touch mom
touch mom.txt
git status
touch .gitignore
git status
git add index.html
git add poojitha.txt
git commit -m "hey"
git restore poojitha
git log
mkdir 
mkdir poojitha
mk_dir
mkdir project_dir
mkdir hello_dir
cd mkdir hello_dir
git init
touch hey
touch 1.txt
git commit -m "i am a human"
git status
git add hey
git merge hey
touch index.html
touch1 index.html
clear
pwd
cd c:
cd users
cd napoojit
cd Desktop
cd training
cd git
cd Assignments
git init
touch akhila
touch akhila.txt
git add akhila.txt
git commit -m "she is a human being"
git add akhila.txt
git status
git add .
cat akhila.txt
git status
vi akhila.txt
pwd
cd c
cd c:
cd users
cd napoojit
cd Desktop
cd training
cd git
cd assignments
git init
git add nallam.txt
git add nallam.txt
git add hello.txt
git status
git poojitha.txt
vi poojitha.txt
git status
pwd
cd c:
cd users
cd napoojit
c Desktop
cd Desktop
cd Training
cd Git
cd Assignments
git init
git add index.txt
git add pooji.txt
git add .
git add pooji.txt
git status
git add pooji.txt
git branch
git log
git add poojithanallam.txt
git add poojitha.txt
touch nallam.txt
git add nallam.txt
git commit -m "i am a good girl"
git status
vi poojitha.txt
git status
vi poojitha.txt
git commit -m "hiiiiiiiiii"
vi poojitha.txt
git init
touch amma
touch amma.txt
git add amma.txt
git commit -m "nallam"
git status
vi amma.txt
git log
git restore amma.txt
git add amma.txt
git restore index.html
git restore amma.txt
clear
pwd
mkdir git
cd git
cd test
cd Test
cd test:
pwd
cd Desktop
pwd
mkdir Desktop
mkdir git
cd Desktop
cd git 
cd test
git init
touch readme.txt
git add readme.txt
git commit -m "this is readme.txt"
git status
git branch nallam
git checkout nallam
touch readme1.txt
touch readme2.txt
git add .
git commit -m "commited two files"
git checkout master
git add readme.txt
git commit -m "commited some changes in read.txt"
git checkout nallam
git add .
git commit -m "commited changes on js-assignments"
git checkout master
git merge nallam
git add readme.txt
git commit -m "commited changes in readme.txt"
git merge nallam
git branch -d nallam
git config --global username poojitha
git remote add origin
